============================= test session starts =============================
platform win32 -- Python 3.12.6, pytest-8.2.0, pluggy-1.6.0 -- D:\Learn_AntiGravity\api_automation\venv\Scripts\python.exe
cachedir: .pytest_cache
metadata: {'Python': '3.12.6', 'Platform': 'Windows-11-10.0.26200-SP0', 'Packages': {'pytest': '8.2.0', 'pluggy': '1.6.0'}, 'Plugins': {'bdd': '7.1.2', 'html': '4.1.1', 'metadata': '3.1.1'}, 'JAVA_HOME': 'C:\\Program Files\\Java\\jdk-21'}
rootdir: D:\Learn_AntiGravity\api_automation
configfile: pytest.ini
plugins: bdd-7.1.2, html-4.1.1, metadata-3.1.1
collecting ... collected 0 items

- Generated html report: file:///D:/Learn_AntiGravity/api_automation/reports/report.html -
============================ no tests ran in 0.05s ============================
